../Drivers/STM32U5xx_HAL_Driver/Src/stm32u5xx_hal_cryp.c:436:19:HAL_CRYP_Init	32	static
../Drivers/STM32U5xx_HAL_Driver/Src/stm32u5xx_hal_cryp.c:536:19:HAL_CRYP_DeInit	16	static
../Drivers/STM32U5xx_HAL_Driver/Src/stm32u5xx_hal_cryp.c:588:19:HAL_CRYP_SetConfig	16	static
../Drivers/STM32U5xx_HAL_Driver/Src/stm32u5xx_hal_cryp.c:675:19:HAL_CRYP_GetConfig	16	static
../Drivers/STM32U5xx_HAL_Driver/Src/stm32u5xx_hal_cryp.c:725:13:HAL_CRYP_MspInit	16	static
../Drivers/STM32U5xx_HAL_Driver/Src/stm32u5xx_hal_cryp.c:741:13:HAL_CRYP_MspDeInit	16	static
../Drivers/STM32U5xx_HAL_Driver/Src/stm32u5xx_hal_cryp.c:1220:19:HAL_CRYP_Encrypt	32	static
../Drivers/STM32U5xx_HAL_Driver/Src/stm32u5xx_hal_cryp.c:1318:19:HAL_CRYP_Decrypt	32	static
../Drivers/STM32U5xx_HAL_Driver/Src/stm32u5xx_hal_cryp.c:1409:19:HAL_CRYP_Encrypt_IT	32	static
../Drivers/STM32U5xx_HAL_Driver/Src/stm32u5xx_hal_cryp.c:1513:19:HAL_CRYP_Decrypt_IT	32	static
../Drivers/STM32U5xx_HAL_Driver/Src/stm32u5xx_hal_cryp.c:1615:19:HAL_CRYP_Encrypt_DMA	40	static
../Drivers/STM32U5xx_HAL_Driver/Src/stm32u5xx_hal_cryp.c:1778:19:HAL_CRYP_Decrypt_DMA	32	static
../Drivers/STM32U5xx_HAL_Driver/Src/stm32u5xx_hal_cryp.c:1880:6:HAL_CRYP_IRQHandler	16	static
../Drivers/STM32U5xx_HAL_Driver/Src/stm32u5xx_hal_cryp.c:1943:10:HAL_CRYP_GetError	16	static
../Drivers/STM32U5xx_HAL_Driver/Src/stm32u5xx_hal_cryp.c:1954:23:HAL_CRYP_GetState	16	static
../Drivers/STM32U5xx_HAL_Driver/Src/stm32u5xx_hal_cryp.c:1965:13:HAL_CRYP_InCpltCallback	16	static
../Drivers/STM32U5xx_HAL_Driver/Src/stm32u5xx_hal_cryp.c:1981:13:HAL_CRYP_OutCpltCallback	16	static
../Drivers/STM32U5xx_HAL_Driver/Src/stm32u5xx_hal_cryp.c:1997:13:HAL_CRYP_ErrorCallback	16	static
../Drivers/STM32U5xx_HAL_Driver/Src/stm32u5xx_hal_cryp.c:2025:26:CRYP_AES_Encrypt	32	static
../Drivers/STM32U5xx_HAL_Driver/Src/stm32u5xx_hal_cryp.c:2141:26:CRYP_AES_Encrypt_IT	24	static
../Drivers/STM32U5xx_HAL_Driver/Src/stm32u5xx_hal_cryp.c:2257:26:CRYP_AES_Decrypt	24	static
../Drivers/STM32U5xx_HAL_Driver/Src/stm32u5xx_hal_cryp.c:2402:26:CRYP_AES_Decrypt_IT	24	static
../Drivers/STM32U5xx_HAL_Driver/Src/stm32u5xx_hal_cryp.c:2576:26:CRYP_AES_Decrypt_DMA	24	static
../Drivers/STM32U5xx_HAL_Driver/Src/stm32u5xx_hal_cryp.c:2739:13:CRYP_DMAInCplt	88	static
../Drivers/STM32U5xx_HAL_Driver/Src/stm32u5xx_hal_cryp.c:2833:13:CRYP_DMAOutCplt	56	static
../Drivers/STM32U5xx_HAL_Driver/Src/stm32u5xx_hal_cryp.c:2937:13:CRYP_DMAError	24	static
../Drivers/STM32U5xx_HAL_Driver/Src/stm32u5xx_hal_cryp.c:2969:13:CRYP_SetDMAConfig	32	static
../Drivers/STM32U5xx_HAL_Driver/Src/stm32u5xx_hal_cryp.c:3082:26:CRYP_SetHeaderDMAConfig	32	static
../Drivers/STM32U5xx_HAL_Driver/Src/stm32u5xx_hal_cryp.c:3148:13:CRYP_AES_ProcessData	40	static
../Drivers/STM32U5xx_HAL_Driver/Src/stm32u5xx_hal_cryp.c:3202:13:CRYP_AES_IT	40	static
../Drivers/STM32U5xx_HAL_Driver/Src/stm32u5xx_hal_cryp.c:3312:13:CRYP_SetKey	16	static
../Drivers/STM32U5xx_HAL_Driver/Src/stm32u5xx_hal_cryp.c:3347:13:CRYP_SetIV	16	static
../Drivers/STM32U5xx_HAL_Driver/Src/stm32u5xx_hal_cryp.c:3366:26:CRYP_AESGCM_Process	64	static
../Drivers/STM32U5xx_HAL_Driver/Src/stm32u5xx_hal_cryp.c:3562:26:CRYP_AESGCM_Process_IT	104	static
../Drivers/STM32U5xx_HAL_Driver/Src/stm32u5xx_hal_cryp.c:3914:26:CRYP_AESGCM_Process_DMA	24	static
../Drivers/STM32U5xx_HAL_Driver/Src/stm32u5xx_hal_cryp.c:4018:26:CRYP_AESCCM_Process	64	static
../Drivers/STM32U5xx_HAL_Driver/Src/stm32u5xx_hal_cryp.c:4210:26:CRYP_AESCCM_Process_IT	104	static
../Drivers/STM32U5xx_HAL_Driver/Src/stm32u5xx_hal_cryp.c:4572:26:CRYP_AESCCM_Process_DMA	24	static
../Drivers/STM32U5xx_HAL_Driver/Src/stm32u5xx_hal_cryp.c:4678:13:CRYP_GCMCCM_SetPayloadPhase_IT	56	static
../Drivers/STM32U5xx_HAL_Driver/Src/stm32u5xx_hal_cryp.c:4820:26:CRYP_GCMCCM_SetPayloadPhase_DMA	56	static
../Drivers/STM32U5xx_HAL_Driver/Src/stm32u5xx_hal_cryp.c:4934:26:CRYP_GCMCCM_SetHeaderPhase	88	static
../Drivers/STM32U5xx_HAL_Driver/Src/stm32u5xx_hal_cryp.c:5068:26:CRYP_GCMCCM_SetHeaderPhase_DMA	88	static
../Drivers/STM32U5xx_HAL_Driver/Src/stm32u5xx_hal_cryp.c:5187:13:CRYP_GCMCCM_SetHeaderPhase_IT	96	static
../Drivers/STM32U5xx_HAL_Driver/Src/stm32u5xx_hal_cryp.c:5376:26:CRYP_WaitOnCCFlag	24	static
../Drivers/STM32U5xx_HAL_Driver/Src/stm32u5xx_hal_cryp.c:5409:13:CRYP_ClearCCFlagWhenHigh	24	static
