../Core/Src/main.c:98:5:main	8	static
../Core/Src/main.c:155:6:SystemClock_Config	128	static
../Core/Src/main.c:212:13:SystemPower_Config	8	static
../Core/Src/main.c:234:13:MX_GPDMA1_Init	16	static
../Core/Src/main.c:262:13:MX_I2C1_Init	8	static
../Core/Src/main.c:310:13:MX_ICACHE_Init	8	static
../Core/Src/main.c:342:6:MX_OCTOSPI2_Init	40	static
../Core/Src/main.c:402:13:MX_RNG_Init	8	static
../Core/Src/main.c:429:13:MX_SAES_AES_Init	8	static
../Core/Src/main.c:464:13:MX_USART1_UART_Init	8	static
../Core/Src/main.c:512:13:MX_USART3_UART_Init	8	static
../Core/Src/main.c:560:13:MX_GPIO_Init	56	static
../Core/Src/main.c:600:1:__io_putchar	16	static
../Core/Src/main.c:618:6:HAL_TIM_PeriodElapsedCallback	16	static
../Core/Src/main.c:635:6:Error_Handler	8	static
