../Core/Src/main.c:89:5:main	8	static
../Core/Src/main.c:144:6:SystemClock_Config	128	static
../Core/Src/main.c:201:13:SystemPower_Config	8	static
../Core/Src/main.c:223:13:MX_GPDMA1_Init	16	static
../Core/Src/main.c:252:13:MX_I2C1_Init	8	static
../Core/Src/main.c:300:13:MX_ICACHE_Init	8	static
../Core/Src/main.c:332:6:MX_OCTOSPI2_Init	40	static
../Core/Src/main.c:392:13:MX_RNG_Init	8	static
../Core/Src/main.c:419:13:MX_SAES_AES_Init	8	static
../Core/Src/main.c:454:13:MX_USART1_UART_Init	8	static
../Core/Src/main.c:502:13:MX_USART3_UART_Init	8	static
../Core/Src/main.c:539:13:MX_GPIO_Init	56	static
../Core/Src/main.c:579:1:__io_putchar	16	static
../Core/Src/main.c:597:6:HAL_TIM_PeriodElapsedCallback	16	static
../Core/Src/main.c:614:6:Error_Handler	8	static
