../Core/Src/pasco2_example.c:125:6:App_ThreadX_Init	80	static
../Core/Src/pasco2_example.c:228:6:MX_ThreadX_Init	8	static
../Core/Src/pasco2_example.c:243:13:measurementTask	112	static
../Core/Src/pasco2_example.c:301:13:publisherTask	104	static
../Core/Src/pasco2_example.c:409:9:pasco2_init	16	static
../Core/Src/pasco2_example.c:420:9:pasco2_read	24	static
../Core/Src/pasco2_example.c:439:13:pasco2_timer_expired	16	static
../Core/Src/pasco2_example.c:443:13:meas_watchdog_expired	16	static
../Core/Src/pasco2_example.c:448:13:print_timestamp_value_pair	104	static
../Core/Src/pasco2_example.c:467:5:_gettimeofday	32	static
../Core/Src/pasco2_example.c:476:6:App_Set_DB_Crypt	16	static
