../Core/Src/pasco2_example.c:120:6:App_ThreadX_Init	80	static
../Core/Src/pasco2_example.c:223:6:MX_ThreadX_Init	8	static
../Core/Src/pasco2_example.c:241:13:measurementTask	112	static
../Core/Src/pasco2_example.c:308:13:publisherTask	104	static
../Core/Src/pasco2_example.c:420:9:pasco2_init	16	static
../Core/Src/pasco2_example.c:435:9:pasco2_read	24	static
../Core/Src/pasco2_example.c:454:13:pasco2_timer_expired	16	static
../Core/Src/pasco2_example.c:458:13:meas_watchdog_expired	16	static
../Core/Src/pasco2_example.c:463:13:print_timestamp_value_pair	104	static
../Core/Src/pasco2_example.c:482:5:_gettimeofday	32	static
../Core/Src/pasco2_example.c:491:6:App_Set_DB_Crypt	16	static
